[www.bignox.com/appcenter/com-firsttouchgames-dls7-pc.html]
[backblue.gif]
[fade.gif]
[index.html]
[www.bignox.com/appcenter/favicon.ico]
[res09.bignox.com/appcenter/en/2022/07/webapp-center-banner.png]
[res11.bignox.com/appcenter-web-StaticResources/_next/static/css/abe82c99cb58ec45.css]
[res11.bignox.com/appcenter-web-StaticResources/_next/static/css/3f1ce445f0d13230.css]
[res11.bignox.com/appcenter-web-StaticResources/_next/static/chunks/polyfills-5cd94c89d3acac5f.js]
[res11.bignox.com/appcenter-web-StaticResources/_next/static/chunks/webpack-545fbc841a0fcf83.js]
[res11.bignox.com/appcenter-web-StaticResources/_next/static/chunks/framework-91d7f78b5b4003c8.js]
[res11.bignox.com/appcenter-web-StaticResources/_next/static/chunks/main-1511b4bad1bd92ff.js]
[res11.bignox.com/appcenter-web-StaticResources/_next/static/chunks/pages/_app-c820a97603dbf6d2.js]
[res11.bignox.com/appcenter-web-StaticResources/_next/static/chunks/591-3604753b5ba2e5cf.js]
[res11.bignox.com/appcenter-web-StaticResources/_next/static/chunks/pages/[detail]-945b71e3a42f9fff.js]
[res11.bignox.com/appcenter-web-StaticResources/_next/static/bWoSLwVAUUOK8OuvMqumr/_buildManifest.js]
[res11.bignox.com/appcenter-web-StaticResources/_next/static/bWoSLwVAUUOK8OuvMqumr/_ssgManifest.js]
[res11.bignox.com/appcenter-web-StaticResources/_next/static/bWoSLwVAUUOK8OuvMqumr/_middlewareManifest.js]
[res11.bignox.com/appcenter-web-StaticResources/_next/static/media/logo-en.ecac2a28.png]
[res11.bignox.com/appcenter-web-StaticResources/_next/static/media/arrowDown.0e684935.png]
[res11.bignox.com/appcenter-web-StaticResources/_next/static/media/menu.82b87ef5.png]
[res11.bignox.com/appcenter-web-StaticResources/_next/static/media/closeIcon.0dde529a.png]
[res11.bignox.com/appcenter-web-StaticResources/_next/static/media/closeIconDark.9087c8a0.png]
[res11.bignox.com/appcenter-web-StaticResources/_next/static/media/computerIcon.4db2fdb9.png]
[res11.bignox.com/appcenter-web-StaticResources/_next/static/media/classifyBtn.f1bc2f37.png]
[res11.bignox.com/appcenter-web-StaticResources/_next/static/media/logo.92a7e682.png]
[res11.bignox.com/appcenter-web-StaticResources/_next/static/media/searchIcon.f1dad22b.png]
[res11.bignox.com/appcenter-web-StaticResources/_next/static/media/arrow.8084a609.png]
[res11.bignox.com/appcenter-web-StaticResources/_next/static/media/step1.a4b9a817.png]
[res11.bignox.com/appcenter-web-StaticResources/_next/static/media/step2.913d2de2.png]
[res11.bignox.com/appcenter-web-StaticResources/_next/static/media/step3.708e1835.png]
[res11.bignox.com/appcenter-web-StaticResources/_next/static/media/step4.b0c99a1d.png]
[res11.bignox.com/appcenter-web-StaticResources/_next/static/media/step5.820835d8.png]
[res11.bignox.com/appcenter-web-StaticResources/_next/static/media/step6.9be7996e.png]
[www.bignox.com/appcenter/com-netmarble-grandcrosswgb-pc.html]
[www.bignox.com/appcenter/com-highbrow-games-dv-pc.html]
[www.bignox.com/appcenter/com-atw-luckycoin-pc.html]
[www.bignox.com/appcenter/net-ainkc-azqpxlf-pc.html]
[www.bignox.com/appcenter/com-komoe-lsengp-pc.html]
[www.bignox.com/appcenter/com-superplanet-magical-pc.html]
[www.bignox.com/appcenter/net-gameduo-wb3-pc.html]
[www.bignox.com/appcenter/com-goatgames-dhs-gb-gp-pc.html]
[www.bignox.com/appcenter/com-nsngames-aqua-pc.html]
[www.bignox.com/appcenter/com-kooapps-mylittletown-pc.html]
[www.bignox.com/appcenter/com-mobirix-evb-pc.html]
[www.bignox.com/appcenter/com-slime-battle-idle-defense-rpg-game-pc.html]
[www.bignox.com/appcenter/com-managames-myththor.html]
[res09.bignox.com/appcenter/en/2023/07/安装器图标.png]
[www.bignox.com/appcenter/net-hi94-ZB-android-pc.html]
[www.bignox.com/appcenter/com-nianticlabs-monsterhunter-pc.html]
[res11.bignox.com/appcenter-web-StaticResources/boot-images/twitter.png]
[res11.bignox.com/appcenter-web-StaticResources/boot-images/youtube.png]
[res11.bignox.com/appcenter-web-StaticResources/boot-images/facebook.png]
[res11.bignox.com/appcenter-web-StaticResources/_next/static/media/logoFooter.9fc7f823.png]
[www.bignox.com/appcenter/com-firsttouchgames-dls7-pc.html]
[res11.bignox.com/appcenter-web-StaticResources/_next/static/media/courseBG.2eb51cb3.png]
[res11.bignox.com/appcenter-web-StaticResources/_next/static/css/abe82c99cb58ec45.css]
[res11.bignox.com/appcenter-web-StaticResources/_next/static/css/3f1ce445f0d13230.css]
[www.bignox.com/appcenter/com-netmarble-grandcrosswgb-pc.html]
[www.bignox.com/appcenter/com-highbrow-games-dv-pc.html]
[www.bignox.com/appcenter/com-atw-luckycoin-pc.html]
[www.bignox.com/appcenter/net-ainkc-azqpxlf-pc.html]
[www.bignox.com/appcenter/com-komoe-lsengp-pc.html]
[www.bignox.com/appcenter/com-superplanet-magical-pc.html]
[www.bignox.com/appcenter/com-eggtart-warz-google-pc.html]
[www.bignox.com/appcenter/net-gameduo-wb3-pc.html]
[www.bignox.com/appcenter/com-goatgames-dhs-gb-gp-pc.html]
[www.bignox.com/appcenter/com-nsngames-aqua-pc.html]
[www.bignox.com/appcenter/com-kooapps-mylittletown-pc.html]
[www.bignox.com/appcenter/com-mobirix-evb-pc.html]
[www.bignox.com/appcenter/com-slime-battle-idle-defense-rpg-game-pc.html]
[www.bignox.com/cdn-cgi/scripts/5c5dd728/cloudflare-static/email-decode.min.js]
[res09.bignox.com/appcenter/en/2023/07/unnamed1.jpg]
[res09.bignox.com/appcenter/en/2023/07/heroBG.a1a32cb.jpg]
[res09.bignox.com/appcenter/en/2023/07/unnamed2.jpg]
[res09.bignox.com/appcenter/en/2023/07/unnamed3.jpg]
[res09.bignox.com/appcenter/en/2023/07/unnamed4.jpg]
[www.bignox.com/appcenter/com-managames-myththor.html]
[www.bignox.com/appcenter/net-hi94-ZB-android-pc.html]
[www.bignox.com/appcenter/com-nianticlabs-monsterhunter-pc.html]
[www.bignox.com/appcenter/com-eggtart-warz-google-pc.html]
